Archive member included to satisfy reference by file (symbol)

/usr/lib/gcc/avr/5.4.0/../../../avr/lib/avr51/libm.a(cmpsf2.o)
                              g_code.o (__ltsf2)
/usr/lib/gcc/avr/5.4.0/../../../avr/lib/avr51/libm.a(divsf3.o)
                              g_code.o (__divsf3)
/usr/lib/gcc/avr/5.4.0/../../../avr/lib/avr51/libm.a(divsf3x.o)
                              /usr/lib/gcc/avr/5.4.0/../../../avr/lib/avr51/libm.a(divsf3.o) (__divsf3x)
/usr/lib/gcc/avr/5.4.0/../../../avr/lib/avr51/libm.a(fixsfsi.o)
                              g_code.o (__fixsfsi)
/usr/lib/gcc/avr/5.4.0/../../../avr/lib/avr51/libm.a(fixunssfsi.o)
                              /usr/lib/gcc/avr/5.4.0/../../../avr/lib/avr51/libm.a(fixsfsi.o) (__fixunssfsi)
/usr/lib/gcc/avr/5.4.0/../../../avr/lib/avr51/libm.a(floatsisf.o)
                              hpgl.o (__floatsisf)
/usr/lib/gcc/avr/5.4.0/../../../avr/lib/avr51/libm.a(fp_cmp.o)
                              /usr/lib/gcc/avr/5.4.0/../../../avr/lib/avr51/libm.a(cmpsf2.o) (__fp_cmp)
/usr/lib/gcc/avr/5.4.0/../../../avr/lib/avr51/libm.a(fp_inf.o)
                              /usr/lib/gcc/avr/5.4.0/../../../avr/lib/avr51/libm.a(divsf3x.o) (__fp_inf)
/usr/lib/gcc/avr/5.4.0/../../../avr/lib/avr51/libm.a(fp_nan.o)
                              /usr/lib/gcc/avr/5.4.0/../../../avr/lib/avr51/libm.a(divsf3x.o) (__fp_nan)
/usr/lib/gcc/avr/5.4.0/../../../avr/lib/avr51/libm.a(fp_pscA.o)
                              /usr/lib/gcc/avr/5.4.0/../../../avr/lib/avr51/libm.a(divsf3x.o) (__fp_pscA)
/usr/lib/gcc/avr/5.4.0/../../../avr/lib/avr51/libm.a(fp_pscB.o)
                              /usr/lib/gcc/avr/5.4.0/../../../avr/lib/avr51/libm.a(divsf3x.o) (__fp_pscB)
/usr/lib/gcc/avr/5.4.0/../../../avr/lib/avr51/libm.a(fp_round.o)
                              /usr/lib/gcc/avr/5.4.0/../../../avr/lib/avr51/libm.a(divsf3.o) (__fp_round)
/usr/lib/gcc/avr/5.4.0/../../../avr/lib/avr51/libm.a(fp_split3.o)
                              /usr/lib/gcc/avr/5.4.0/../../../avr/lib/avr51/libm.a(divsf3x.o) (__fp_split3)
/usr/lib/gcc/avr/5.4.0/../../../avr/lib/avr51/libm.a(fp_zero.o)
                              /usr/lib/gcc/avr/5.4.0/../../../avr/lib/avr51/libm.a(fixunssfsi.o) (__fp_zero)
/usr/lib/gcc/avr/5.4.0/../../../avr/lib/avr51/libm.a(mulsf3.o)
                              g_code.o (__mulsf3)
/usr/lib/gcc/avr/5.4.0/../../../avr/lib/avr51/libm.a(mulsf3x.o)
                              /usr/lib/gcc/avr/5.4.0/../../../avr/lib/avr51/libm.a(mulsf3.o) (__mulsf3x)
/usr/lib/gcc/avr/5.4.0/../../../avr/lib/avr51/libm.a(round.o)
                              hpgl.o (round)
/usr/lib/gcc/avr/5.4.0/../../../avr/lib/avr51/libm.a(fp_mintl.o)
                              /usr/lib/gcc/avr/5.4.0/../../../avr/lib/avr51/libm.a(round.o) (__fp_mintl)
/usr/lib/gcc/avr/5.4.0/../../../avr/lib/avr51/libm.a(fp_mpack.o)
                              /usr/lib/gcc/avr/5.4.0/../../../avr/lib/avr51/libm.a(round.o) (__fp_mpack)
./m2u8/libm2u8.a(u8g_com_io.o)
                              display_oled.o (u8g_Pin)
./m2u8/libm2u8.a(u8g_dev_ssd1325_nhd27oled_gr_new.o)
                              display_oled.o (u8g_dev_ssd1325_nhd27oled_2x_gr_sw_spi)
./m2u8/libm2u8.a(u8g_font.o)  display_oled.o (u8g_DrawStr)
./m2u8/libm2u8.a(u8g_font_data.o)
                              display_oled.o (u8g_font_profont11)
./m2u8/libm2u8.a(u8g_ll_api.o)
                              display_oled.o (u8g_InitSPI)
./m2u8/libm2u8.a(u8g_pb16h2.o)
                              ./m2u8/libm2u8.a(u8g_dev_ssd1325_nhd27oled_gr_new.o) (u8g_dev_pb16h2_base_fn)
./m2u8/libm2u8.a(u8g_pb8h2.o)
                              ./m2u8/libm2u8.a(u8g_dev_ssd1325_nhd27oled_gr_new.o) (u8g_dev_pb8h2_base_fn)
./m2u8/libm2u8.a(u8g_rect.o)  display_oled.o (u8g_DrawBox)
./m2u8/libm2u8.a(u8g_rot.o)   display_oled.o (u8g_SetRot180)
./m2u8/libm2u8.a(u8g_state.o)
                              ./m2u8/libm2u8.a(u8g_ll_api.o) (u8g_state_dummy_cb)
./m2u8/libm2u8.a(u8g_com_atmega_hw_spi.o)
                              ./m2u8/libm2u8.a(u8g_dev_ssd1325_nhd27oled_gr_new.o) (u8g_com_atmega_hw_spi_fn)
./m2u8/libm2u8.a(u8g_com_atmega_sw_spi.o)
                              ./m2u8/libm2u8.a(u8g_dev_ssd1325_nhd27oled_gr_new.o) (u8g_com_atmega_sw_spi_fn)
./m2u8/libm2u8.a(u8g_circle.o)
                              ./m2u8/libm2u8.a(u8g_rect.o) (u8g_draw_circle)
./m2u8/libm2u8.a(u8g_clip.o)  ./m2u8/libm2u8.a(u8g_font.o) (u8g_IsBBXIntersection)
./m2u8/libm2u8.a(u8g_com_api.o)
                              ./m2u8/libm2u8.a(u8g_dev_ssd1325_nhd27oled_gr_new.o) (u8g_InitCom)
./m2u8/libm2u8.a(u8g_com_api_16gr.o)
                              ./m2u8/libm2u8.a(u8g_dev_ssd1325_nhd27oled_gr_new.o) (u8g_WriteSequence4LTo16GrDevice)
./m2u8/libm2u8.a(u8g_delay.o)
                              ./m2u8/libm2u8.a(u8g_com_api.o) (u8g_Delay)
./m2u8/libm2u8.a(u8g_page.o)  ./m2u8/libm2u8.a(u8g_pb16h2.o) (u8g_page_First)
./m2u8/libm2u8.a(u8g_pb.o)    ./m2u8/libm2u8.a(u8g_pb8h2.o) (u8g_pb_Clear)
[...]
Memory Configuration

Name             Origin             Length             Attributes
text             0x0000000000000000 0x0000000000020000 xr
data             0x0000000000800200 0x0000000000002000 rw !x
eeprom           0x0000000000810000 0x0000000000001000 rw !x
fuse             0x0000000000820000 0x0000000000000003 rw !x
lock             0x0000000000830000 0x0000000000000400 rw !x
signature        0x0000000000840000 0x0000000000000400 rw !x
user_signatures  0x0000000000850000 0x0000000000000400 rw !x
*default*        0x0000000000000000 0xffffffffffffffff

Linker script and memory map

Address of section .data set to 0x800200
LOAD /usr/lib/gcc/avr/5.4.0/../../../avr/lib/avr51/crtatmega1281.o
LOAD main.o
LOAD usb.o
LOAD display.o
LOAD display_oled.o
LOAD g_code.o
LOAD keypad.o
LOAD timer.o
LOAD stepper.o
LOAD cli.o
LOAD flash.o
LOAD dial.o
LOAD hpgl.o
LOAD shvars.o
LOAD scale.o
LOAD serial.o
LOAD spi.o
LOAD /usr/lib/gcc/avr/5.4.0/../../../avr/lib/avr51/libm.a
LOAD ./m2u8/libm2u8.a
START GROUP
LOAD /usr/lib/gcc/avr/5.4.0/avr51/libgcc.a
LOAD /usr/lib/gcc/avr/5.4.0/../../../avr/lib/avr51/libm.a
LOAD /usr/lib/gcc/avr/5.4.0/../../../avr/lib/avr51/libc.a
LOAD /usr/lib/gcc/avr/5.4.0/../../../avr/lib/avr51/libatmega1281.a
END GROUP
                0x0000000000000000                __TEXT_REGION_ORIGIN__ = DEFINED (__TEXT_REGION_ORIGIN__)?__TEXT_REGION_ORIGIN__:0x0
                [0x0000000000800200]                __DATA_REGION_ORIGIN__ = DEFINED (__DATA_REGION_ORIGIN__)?__DATA_REGION_ORIGIN__:0x800100
                [0x0000000000020000]                __TEXT_REGION_LENGTH__ = DEFINED (__TEXT_REGION_LENGTH__)?__TEXT_REGION_LENGTH__:0x20000
                [0x0000000000002000]                __DATA_REGION_LENGTH__ = DEFINED (__DATA_REGION_LENGTH__)?__DATA_REGION_LENGTH__:0xff00
                [0x0000000000001000]                __EEPROM_REGION_LENGTH__ = DEFINED (__EEPROM_REGION_LENGTH__)?__EEPROM_REGION_LENGTH__:0x10000
                [0x0000000000000003]                __FUSE_REGION_LENGTH__ = DEFINED (__FUSE_REGION_LENGTH__)?__FUSE_REGION_LENGTH__:0x400
                0x0000000000000400                __LOCK_REGION_LENGTH__ = DEFINED (__LOCK_REGION_LENGTH__)?__LOCK_REGION_LENGTH__:0x400
                0x0000000000000400                __SIGNATURE_REGION_LENGTH__ = DEFINED (__SIGNATURE_REGION_LENGTH__)?__SIGNATURE_REGION_LENGTH__:0x400
                0x0000000000000400                __USER_SIGNATURE_REGION_LENGTH__ = DEFINED (__USER_SIGNATURE_REGION_LENGTH__)?__USER_SIGNATURE_REGION_LENGTH__:0x400

.hash
 *(.hash)

.dynsym
 *(.dynsym)

.dynstr
 *(.dynstr)

.gnu.version
 *(.gnu.version)

.gnu.version_d
 *(.gnu.version_d)

.gnu.version_r
 *(.gnu.version_r)

.rel.init
 *(.rel.init)

.rela.init
 *(.rela.init)

.rel.text
 *(.rel.text)
 *(.rel.text.*)
 *(.rel.gnu.linkonce.t*)

.rela.text
 *(.rela.text)
 *(.rela.text.*)
 *(.rela.gnu.linkonce.t*)

.rel.fini
 *(.rel.fini)

.rela.fini
 *(.rela.fini)

.rel.rodata
 *(.rel.rodata)
 *(.rel.rodata.*)
 *(.rel.gnu.linkonce.r*)

.rela.rodata
 *(.rela.rodata)
 *(.rela.rodata.*)
 *(.rela.gnu.linkonce.r*)

.rel.data
 *(.rel.data)
 *(.rel.data.*)
 *(.rel.gnu.linkonce.d*)

.rela.data
 *(.rela.data)
 *(.rela.data.*)
 *(.rela.gnu.linkonce.d*)

.rel.ctors
 *(.rel.ctors)

.rela.ctors
 *(.rela.ctors)

.rel.dtors
 *(.rel.dtors)

.rela.dtors
 *(.rela.dtors)

.rel.got
 *(.rel.got)

.rela.got
 *(.rela.got)

.rel.bss
 *(.rel.bss)

.rela.bss
 *(.rela.bss)

.rel.plt
 *(.rel.plt)

.rela.plt
 *(.rela.plt)

.text           0x0000000000000000     0x7468
 *(.vectors)
 .vectors       0x0000000000000000       0xcc /usr/lib/gcc/avr/5.4.0/../../../avr/lib/avr51/crtatmega1281.o
                0x0000000000000000                __vectors
                0x0000000000000000                __vector_default
 *(.vectors)
 *(.progmem.gcc*)
 .progmem.gcc_sw_table
                0x00000000000000cc       0x10 g_code.o
 .progmem.gcc_sw_table
                0x00000000000000dc       0x32 hpgl.o
 .progmem.gcc_sw_table
                0x000000000000010e        0xe ./m2u8/libm2u8.a(u8g_com_atmega_hw_spi.o)
 .progmem.gcc_sw_table
                0x000000000000011c        0xe ./m2u8/libm2u8.a(u8g_com_atmega_sw_spi.o)
                0x000000000000012a                . = ALIGN (0x2)
                0x000000000000012a                __trampolines_start = .
 *(.trampolines)
 .trampolines   0x000000000000012a        0x0 linker stubs
 *(.trampolines*)
                0x000000000000012a                __trampolines_end = .
 *libprintf_flt.a:*(.progmem.data)
 *libc.a:*(.progmem.data)
 .progmem.data  0x000000000000012a        0xc /usr/lib/gcc/avr/5.4.0/../../../avr/lib/avr51/libc.a(vfscanf_std.o)
 .progmem.data  0x0000000000000136       0x3b /usr/lib/gcc/avr/5.4.0/../../../avr/lib/avr51/libc.a(strtod.o)
 *(.progmem*)
 .progmem.data  0x0000000000000171       0x18 flash.o
                0x0000000000000171                DF_pagesize
                0x0000000000000181                DF_pagebits
 .progmem.data  0x0000000000000189        0x9 hpgl.o
 .progmem.data  0x0000000000000192       0x28 scale.o
 .progmem.data  0x00000000000001ba       0x2a ./m2u8/libm2u8.a(u8g_com_io.o)
                0x00000000000001ba                u8g_avr_pin_P
                0x00000000000001c8                u8g_avr_port_P
                0x00000000000001d6                u8g_avr_ddr_P
 .progmem.data  0x00000000000001e4       0x57 ./m2u8/libm2u8.a(u8g_dev_ssd1325_nhd27oled_gr_new.o)
 .progmem.u8g_font_profont11
                0x000000000000023b      0xad0 ./m2u8/libm2u8.a(u8g_font_data.o)
                0x000000000000023b                u8g_font_profont11
                0x0000000000000d0c                . = ALIGN (0x2)
 *fill*         0x0000000000000d0b        0x1 
 *(.jumptables)
 *(.jumptables*)
 *(.lowtext)
 *(.lowtext*)
                0x0000000000000d0c                __ctors_start = .
 *(.ctors)
                0x0000000000000d0c                __ctors_end = .
                0x0000000000000d0c                __dtors_start = .
 *(.dtors)
                0x0000000000000d0c                __dtors_end = .
 SORT(*)(.ctors)
 SORT(*)(.dtors)
 *(.init0)
 .init0         0x0000000000000d0c        0x0 /usr/lib/gcc/avr/5.4.0/../../../avr/lib/avr51/crtatmega1281.o
                0x0000000000000d0c                __init
 *(.init0)
 *(.init1)
 *(.init1)
 *(.init2)
 .init2         0x0000000000000d0c        0xc /usr/lib/gcc/avr/5.4.0/../../../avr/lib/avr51/crtatmega1281.o
 *(.init2)
 *(.init3)
 *(.init3)
 *(.init4)
 .init4         0x0000000000000d18       0x1a /usr/lib/gcc/avr/5.4.0/avr51/libgcc.a(_copy_data.o)
                0x0000000000000d18                __do_copy_data
 .init4         0x0000000000000d32       0x10 /usr/lib/gcc/avr/5.4.0/avr51/libgcc.a(_clear_bss.o)
                0x0000000000000d32                __do_clear_bss
 *(.init4)
 *(.init5)
 *(.init5)
 *(.init6)
 *(.init6)
 *(.init7)
 *(.init7)
 *(.init8)
 *(.init8)
 *(.init9)
 .init9         0x0000000000000d42        0x8 /usr/lib/gcc/avr/5.4.0/../../../avr/lib/avr51/crtatmega1281.o
 *(.init9)
 *(.text)
 .text          0x0000000000000d4a        0x4 /usr/lib/gcc/avr/5.4.0/../../../avr/lib/avr51/crtatmega1281.o
                0x0000000000000d4a                __vector_38
                0x0000000000000d4a                __vector_22
                0x0000000000000d4a                __vector_28
                0x0000000000000d4a                __vector_1
                0x0000000000000d4a                __vector_32
                0x0000000000000d4a                __vector_34
                0x0000000000000d4a                __vector_24
                0x0000000000000d4a                __vector_12
                0x0000000000000d4a                __vector_46
                0x0000000000000d4a                __bad_interrupt
                0x0000000000000d4a                __vector_6
                0x0000000000000d4a                __vector_31
                0x0000000000000d4a                __vector_35
                0x0000000000000d4a                __vector_39
                0x0000000000000d4a                __vector_3
                0x0000000000000d4a                __vector_23
                0x0000000000000d4a                __vector_30
                0x0000000000000d4a                __vector_45
                0x0000000000000d4a                __vector_25
                0x0000000000000d4a                __vector_11
                0x0000000000000d4a                __vector_17
                0x0000000000000d4a                __vector_19
                0x0000000000000d4a                __vector_7
                0x0000000000000d4a                __vector_49
                0x0000000000000d4a                __vector_41
                0x0000000000000d4a                __vector_43
                0x0000000000000d4a                __vector_27
                0x0000000000000d4a                __vector_5
                0x0000000000000d4a                __vector_33
                0x0000000000000d4a                __vector_47
                0x0000000000000d4a                __vector_4
                0x0000000000000d4a                __vector_44
                0x0000000000000d4a                __vector_9
                0x0000000000000d4a                __vector_2
                0x0000000000000d4a                __vector_15
                0x0000000000000d4a                __vector_29
                0x0000000000000d4a                __vector_40
                0x0000000000000d4a                __vector_8
                0x0000000000000d4a                __vector_26
                0x0000000000000d4a                __vector_48
                0x0000000000000d4a                __vector_14
                0x0000000000000d4a                __vector_10
                0x0000000000000d4a                __vector_50
                0x0000000000000d4a                __vector_16
                0x0000000000000d4a                __vector_18
                0x0000000000000d4a                __vector_20
                0x0000000000000d4a                __vector_42
 .text          0x0000000000000d4e       0x3a main.o
                0x0000000000000d4e                setup
 .text          0x0000000000000d88       0x38 usb.o
                0x0000000000000d88                usb_puts
                0x0000000000000da0                usb_putc
                0x0000000000000da4                usb_getc
                0x0000000000000da8                usb_haschar
                0x0000000000000dbc                usb_init
 .text          0x0000000000000dc0       0x14 display.o
                0x0000000000000dc0                display_init
                0x0000000000000dc4                display_puts
                0x0000000000000dc8                display_print
                0x0000000000000dcc                display_update
                0x0000000000000dd0                display_println
 .text          0x0000000000000dd4      0x24a display_oled.o
                0x0000000000000dd4                _oled_display_speed
                0x0000000000000e7e                _oled_display_pressure
                0x0000000000000f32                oled_display_firstpage
                0x0000000000000f3a                oled_display_nextpage
                0x0000000000000f46                oled_display_init
                0x0000000000000fd2                oled_display_update
                0x0000000000000ffc                oled_display_puts
                0x000000000000100a                oled_display_println
 .text          0x000000000000101e      0x2a2 g_code.o
                0x0000000000001040                gcode_init
                0x0000000000001042                gcode_char
 .text          0x00000000000012c0      0x326 keypad.o
                0x00000000000012de                keypad_set_leds
                0x00000000000012fc                keypad_stop_pressed
                0x0000000000001304                keypad_scan
                0x000000000000139e                keypadSet_Speed_state
                0x00000000000013ac                keypadSet_Pressure_state
                0x00000000000013ba                _beep
                0x0000000000001408                keypad_poll
                0x00000000000015cc                keypad_init
 .text          0x00000000000015e6      0x206 timer.o
                0x00000000000015e6                __vector_13
                0x0000000000001632                __vector_21
                0x0000000000001682                beeper_on
                0x00000000000016c0                beeper_off
                0x00000000000016c4                usleep
                0x00000000000016e4                msleep
                0x0000000000001700                timer_get_stepper_speed
                0x000000000000170a                beep
                0x000000000000171e                timer_set_stepper_speed
                0x000000000000175c                timer_get_pen_pressure
                0x0000000000001766                timer_set_pen_pressure
                0x00000000000017a2                timer_init
 .text          0x00000000000017ec      0x6ca stepper.o
                0x0000000000001870                stepper_set_origin00
                0x00000000000018b6                stepper_off
                0x00000000000018bc                stepper_draw
                0x0000000000001914                stepper_move
                0x0000000000001970                stepper_jog_manual
                0x00000000000019f2                stepper_speed
                0x0000000000001a14                stepper_load_paper
                0x0000000000001a56                stepper_unload_paper
                0x0000000000001a78                stepper_pressure
                0x0000000000001a9a                pen_up
                0x0000000000001aae                stepper_home
                0x0000000000001ae0                pen_down
                0x0000000000001b0e                do_next_command
                0x0000000000001ca2                stepper_tick
                0x0000000000001ea4                stepper_init
 .text          0x0000000000001eb6       0xa2 cli.o
                0x0000000000001eb6                cli_poll
 .text          0x0000000000001f58      0x242 flash.o
                0x0000000000001f86                flash_write_next_byte
                0x000000000000204c                flash_read_next_byte
                0x0000000000002074                flash_start_read
                0x00000000000020a0                flash_start_write
                0x00000000000020a2                flash_flush
                0x00000000000020b6                flash_init
                0x00000000000020fc                flash_test
 .text          0x000000000000219a       0xb8 dial.o
                0x000000000000219a                dial_poll
                0x0000000000002240                dial_init
 .text          0x0000000000002252      0x510 hpgl.o
                0x0000000000002252                hpgl_init
                0x0000000000002260                hpgl_char
 .text          0x0000000000002762      0x516 scale.o
                0x0000000000002762                translate_init
                0x00000000000027e4                translate_scale
                0x00000000000029de                userprescale
                0x0000000000002a44                userscale
                0x0000000000002baa                scale_P1P2
 .text          0x0000000000002c78      0x1f4 serial.o
                0x0000000000002c78                serial_get_rx_buffer_count
                0x0000000000002c8a                serial_get_tx_buffer_count
                0x0000000000002c9c                serial_init
                0x0000000000002cc8                serial_write
                0x0000000000002cf6                __vector_37
                0x0000000000002d7a                serial_read
                0x0000000000002dca                __vector_36
                0x0000000000002e5c                serial_reset_read_buffer
 .text          0x0000000000002e6c      0x144 ./m2u8/libm2u8.a(u8g_com_io.o)
                0x0000000000002e9a                u8g_Pin
                0x0000000000002ea6                u8g_SetPinOutput
                0x0000000000002ed4                u8g_SetPinInput
                0x0000000000002f04                u8g_SetPinLevel
                0x0000000000002f5e                u8g_GetPinLevel
                0x0000000000002f8a                u8g_SetPIOutput
                0x0000000000002f9c                u8g_SetPILevel
 .text          0x0000000000002fb0      0x2d4 ./m2u8/libm2u8.a(u8g_dev_ssd1325_nhd27oled_gr_new.o)
 .text          0x0000000000003284     0x1058 ./m2u8/libm2u8.a(u8g_font.o)
                0x00000000000032b6                u8g_font_calc_vref_font
                0x00000000000032ba                u8g_font_calc_vref_bottom
                0x00000000000032c0                u8g_font_calc_vref_top
                0x00000000000032c8                u8g_font_calc_vref_center
                0x00000000000032dc                u8g_font_get_char
                0x00000000000032e2                u8g_font_get_charP
                0x00000000000032e8                u8g_font_GetCapitalAHeight
                0x00000000000032f0                u8g_font_GetEncoding65Pos
                0x00000000000032f6                u8g_font_GetEncoding97Pos
                0x00000000000032fc                u8g_font_GetFontStartEncoding
                0x0000000000003304                u8g_font_GetFontEndEncoding
                0x000000000000330c                u8g_font_GetLowerGDescent
                0x0000000000003314                u8g_font_GetFontAscent
                0x000000000000331c                u8g_font_GetFontDescent
                0x0000000000003324                u8g_font_GetFontXAscent
                0x000000000000332c                u8g_font_GetFontXDescent
                0x0000000000003334                u8g_font_GetSize
                0x00000000000033ac                u8g_GetFontBBXWidth
                0x00000000000033bc                u8g_GetFontBBXHeight
                0x00000000000033cc                u8g_GetFontBBXOffX
                0x00000000000033dc                u8g_GetFontBBXOffY
                0x00000000000033ec                u8g_GetFontCapitalAHeight
                0x00000000000033fc                u8g_GetGlyph
                0x0000000000003638                u8g_IsGlyph
                0x0000000000003648                u8g_GetGlyphDeltaX
                0x0000000000003662                u8g_draw_glyph
                0x0000000000003722                u8g_DrawGlyph
                0x0000000000003752                u8g_draw_glyph90
                0x0000000000003822                u8g_DrawGlyph90
                0x0000000000003852                u8g_draw_glyph180
                0x0000000000003926                u8g_DrawGlyph180
                0x0000000000003956                u8g_draw_glyph270
                0x0000000000003a22                u8g_DrawGlyph270
                0x0000000000003a52                u8g_DrawStr
                0x0000000000003aaa                u8g_DrawStr90
                0x0000000000003b02                u8g_DrawStr180
                0x0000000000003b5a                u8g_DrawStr270
                0x0000000000003bb2                u8g_DrawStrDir
                0x0000000000003bf0                u8g_DrawStrP
                0x0000000000003c44                u8g_DrawStr90P
                0x0000000000003c98                u8g_DrawStr180P
                0x0000000000003cec                u8g_DrawStr270P
                0x0000000000003d40                u8g_DrawStrFontBBX
                0x0000000000003d80                u8g_DrawGlyphFontBBX
                0x0000000000003db8                u8g_UpdateRefHeight
                0x0000000000003e4a                u8g_SetFontRefHeightText
                0x0000000000003e52                u8g_SetFontRefHeightExtendedText
                0x0000000000003e5c                u8g_SetFontRefHeightAll
                0x0000000000003e66                u8g_SetFontLineSpacingFactor
                0x0000000000003e6e                u8g_SetFontPosBaseline
                0x0000000000003e7a                u8g_SetFontPosBottom
                0x0000000000003e86                u8g_SetFontPosTop
                0x0000000000003e92                u8g_SetFontPosCenter
                0x0000000000003e9e                u8g_font_calc_str_pixel_width
                0x0000000000003f1c                u8g_GetStrPixelWidth
                0x0000000000003f24                u8g_GetStrPixelWidthP
                0x0000000000003f2c                u8g_GetStrX
                0x0000000000003f42                u8g_GetStrXP
                0x0000000000003f58                u8g_GetStrWidth
                0x0000000000003f8e                u8g_GetStrWidthP
                0x0000000000003fc6                u8g_font_box_min
                0x0000000000003fe0                u8g_font_box_left_gA
                0x0000000000003fe2                u8g_font_box_all_gA
                0x0000000000003fe4                u8g_GetStrMinBox
                0x0000000000004088                u8g_GetStrAMinBox
                0x0000000000004152                u8g_SetFont
                0x000000000000417a                u8g_draw_aa_glyph
                0x0000000000004238                u8g_DrawAAGlyph
                0x0000000000004268                u8g_DrawAAStr
 .text          0x00000000000042dc      0x696 ./m2u8/libm2u8.a(u8g_ll_api.o)
                0x0000000000004332                u8g_call_dev_fn
                0x000000000000433a                u8g_InitLL
                0x000000000000437a                u8g_FirstPageLL
                0x00000000000043c4                u8g_NextPageLL
                0x000000000000441c                u8g_SetContrastLL
                0x000000000000443c                u8g_DrawPixelLL
                0x000000000000444e                u8g_Draw8PixelLL
                0x000000000000446c                u8g_Draw4TPixelLL
                0x000000000000448a                u8g_GetWidthLL
                0x00000000000044aa                u8g_GetHeightLL
                0x00000000000044ca                u8g_GetModeLL
                0x00000000000044d4                u8g_UpdateDimension
                0x0000000000004512                u8g_Begin
                0x0000000000004532                u8g_Init
                0x0000000000004554                u8g_InitComFn
                0x0000000000004598                u8g_InitSPI
                0x00000000000045dc                u8g_InitHWSPI
                0x0000000000004614                u8g_InitI2C
                0x000000000000463e                u8g_Init8BitFixedPort
                0x0000000000004682                u8g_Init8Bit
                0x0000000000004720                u8g_InitRW8Bit
                0x00000000000047b4                u8g_FirstPage
                0x00000000000047be                u8g_NextPage
                0x00000000000047dc                u8g_SetContrast
                0x00000000000047e8                u8g_SleepOn
                0x00000000000047f8                u8g_SleepOff
                0x0000000000004808                u8g_DrawPixel
                0x0000000000004818                u8g_Draw8Pixel
                0x000000000000483a                u8g_Draw4TPixel
                0x000000000000485c                u8g_SetColorEntry
                0x0000000000004894                u8g_SetColorIndex
                0x000000000000489a                u8g_SetHiColor
                0x00000000000048a2                u8g_SetHiColorByRGB
                0x00000000000048ce                u8g_SetRGB
                0x0000000000004902                u8g_GetColorIndex
                0x0000000000004908                u8g_GetDefaultForegroundColor
                0x0000000000004920                u8g_SetDefaultForegroundColor
                0x0000000000004944                u8g_GetDefaultBackgroundColor
                0x0000000000004948                u8g_SetDefaultBackgroundColor
                0x000000000000494e                u8g_GetDefaultMidColor
                0x000000000000495e                u8g_SetDefaultMidColor
 .text          0x0000000000004972      0x250 ./m2u8/libm2u8.a(u8g_pb16h2.o)
                0x00000000000049f0                u8g_pb16h2_Clear
                0x0000000000004a14                u8g_pb16h2_Init
                0x0000000000004a20                u8g_pb16h2_SetPixel
                0x0000000000004a52                u8g_pb16h2_Set8PixelStd
                0x0000000000004aac                u8g_pb16h2_Or4PixelStd
                0x0000000000004b10                u8g_dev_pb16h2_base_fn
 .text          0x0000000000004bc2      0x19c ./m2u8/libm2u8.a(u8g_pb8h2.o)
                0x0000000000004c34                u8g_pb8h2_Init
                0x0000000000004c40                u8g_pb8h2_SetPixel
                0x0000000000004c6c                u8g_pb8h2_Set8PixelStd
                0x0000000000004cc4                u8g_dev_pb8h2_base_fn
 .text          0x0000000000004d5e      0x44e ./m2u8/libm2u8.a(u8g_rect.o)
                0x0000000000004d5e                u8g_draw_hline
                0x0000000000004de4                u8g_draw_vline
                0x0000000000004e6a                u8g_DrawHLine
                0x0000000000004eae                u8g_DrawVLine
                0x0000000000004ef4                u8g_DrawFrame
                0x0000000000004f68                u8g_draw_box
                0x0000000000004f9e                u8g_DrawBox
                0x0000000000004fd8                u8g_DrawRFrame
                0x00000000000050da                u8g_DrawRBox
 .text          0x00000000000051ac      0x3f6 ./m2u8/libm2u8.a(u8g_rot.o)
                0x00000000000051ac                u8g_dev_rot_dummy_fn
                0x00000000000051b0                u8g_dev_rot90_fn
                0x0000000000005286                u8g_dev_rot180_fn
                0x00000000000053c8                u8g_dev_rot270_fn
                0x00000000000054f2                u8g_UndoRotation
                0x0000000000005512                u8g_SetRot90
                0x0000000000005542                u8g_SetRot180
                0x0000000000005572                u8g_SetRot270
 .text          0x00000000000055a2       0x36 ./m2u8/libm2u8.a(u8g_state.o)
                0x00000000000055a2                u8g_state_dummy_cb
                0x00000000000055a4                u8g_SetHardwareBackup
                0x00000000000055b0                u8g_backup_spi
 .text          0x00000000000055d8       0xd2 ./m2u8/libm2u8.a(u8g_com_atmega_hw_spi.o)
                0x00000000000055e4                u8g_com_atmega_hw_spi_fn
 .text          0x00000000000056aa      0x120 ./m2u8/libm2u8.a(u8g_com_atmega_sw_spi.o)
                0x00000000000056f0                u8g_com_atmega_sw_spi_fn
 .text          0x00000000000057ca      0x314 ./m2u8/libm2u8.a(u8g_circle.o)
                0x0000000000005946                u8g_draw_circle
                0x00000000000059c4                u8g_DrawCircle
                0x0000000000005a12                u8g_draw_disc
                0x0000000000005a90                u8g_DrawDisc
 .text          0x0000000000005ade       0x44 ./m2u8/libm2u8.a(u8g_clip.o)
                0x0000000000005ade                u8g_IsBBXIntersection
 .text          0x0000000000005b22      0x160 ./m2u8/libm2u8.a(u8g_com_api.o)
                0x0000000000005b22                u8g_InitCom
                0x0000000000005b34                u8g_StopCom
                0x0000000000005b48                u8g_SetChipSelect
                0x0000000000005b5a                u8g_SetResetLow
                0x0000000000005b6e                u8g_SetResetHigh
                0x0000000000005b82                u8g_SetAddress
                0x0000000000005b94                u8g_WriteByte
                0x0000000000005ba6                u8g_WriteSequence
                0x0000000000005bb4                u8g_WriteSequenceP
                0x0000000000005bc2                u8g_WriteEscSeqP
 .text          0x0000000000005c82      0x13c ./m2u8/libm2u8.a(u8g_com_api_16gr.o)
                0x0000000000005c82                u8g_WriteByteBWTo16GrDevice
                0x0000000000005ce2                u8g_WriteSequenceBWTo16GrDevice
                0x0000000000005d20                u8g_WriteByte4LTo16GrDevice
                0x0000000000005d80                u8g_WriteSequence4LTo16GrDevice
 .text          0x0000000000005dbe       0x28 ./m2u8/libm2u8.a(u8g_delay.o)
                0x0000000000005dbe                u8g_Delay
                0x0000000000005dd2                u8g_MicroDelay
                0x0000000000005ddc                u8g_10MicroDelay
 .text          0x0000000000005de6       0x46 ./m2u8/libm2u8.a(u8g_page.o)
                0x0000000000005de6                u8g_page_First
                0x0000000000005df4                u8g_page_Init
                0x0000000000005e00                u8g_page_Next
 .text          0x0000000000005e2c       0xf4 ./m2u8/libm2u8.a(u8g_pb.o)
                0x0000000000005e2c                u8g_pb_Clear
                0x0000000000005e4c                u8g_pb_IsYIntersection
                0x0000000000005e7a                u8g_pb_IsXIntersection
                0x0000000000005e8e                u8g_pb_IsIntersection
                0x0000000000005ed0                u8g_pb_GetPageBox
                0x0000000000005ef0                u8g_pb_Is8PixelVisible
                0x0000000000005f10                u8g_pb_WriteBuffer
                0x0000000000005f20                . = ALIGN (0x2)
 *(.text.*)
 .text.startup  0x0000000000005f20       0x30 main.o
                0x0000000000005f20                main
 .text.avr-libc.fplib
                0x0000000000005f50        0xa /usr/lib/gcc/avr/5.4.0/../../../avr/lib/avr51/libm.a(cmpsf2.o)
                0x0000000000005f50                __lesf2
                0x0000000000005f50                __nesf2
                0x0000000000005f50                __eqsf2
                0x0000000000005f50                __cmpsf2
                0x0000000000005f50                __ltsf2
 .text.avr-libc.fplib
                0x0000000000005f5a        0x8 /usr/lib/gcc/avr/5.4.0/../../../avr/lib/avr51/libm.a(divsf3.o)
                0x0000000000005f5a                __divsf3
 .text.avr-libc.fplib
                0x0000000000005f62       0xdc /usr/lib/gcc/avr/5.4.0/../../../avr/lib/avr51/libm.a(divsf3x.o)
                0x0000000000005f82                __divsf3x
                0x0000000000005f88                __divsf3_pse
 .text.avr-libc.fplib
                0x000000000000603e        0xe /usr/lib/gcc/avr/5.4.0/../../../avr/lib/avr51/libm.a(fixsfsi.o)
                0x000000000000603e                __fixsfsi
 .text.avr-libc.fplib
                0x000000000000604c       0x5e /usr/lib/gcc/avr/5.4.0/../../../avr/lib/avr51/libm.a(fixunssfsi.o)
                0x000000000000604c                __fixunssfsi
 .text.avr-libc.fplib
                0x00000000000060aa       0x7a /usr/lib/gcc/avr/5.4.0/../../../avr/lib/avr51/libm.a(floatsisf.o)
                0x00000000000060aa                __floatunsisf
                0x00000000000060ae                __floatsisf
 .text.avr-libc.fplib
                0x0000000000006124       0x48 /usr/lib/gcc/avr/5.4.0/../../../avr/lib/avr51/libm.a(fp_cmp.o)
                0x0000000000006124                __fp_cmp
 .text.avr-libc.fplib
                0x000000000000616c        0xc /usr/lib/gcc/avr/5.4.0/../../../avr/lib/avr51/libm.a(fp_inf.o)
                0x000000000000616c                __fp_inf
 .text.avr-libc.fplib
                0x0000000000006178        0x6 /usr/lib/gcc/avr/5.4.0/../../../avr/lib/avr51/libm.a(fp_nan.o)
                0x0000000000006178                __fp_nan
 .text.avr-libc.fplib
                0x000000000000617e        0xe /usr/lib/gcc/avr/5.4.0/../../../avr/lib/avr51/libm.a(fp_pscA.o)
                0x000000000000617e                __fp_pscA
 .text.avr-libc.fplib
                0x000000000000618c        0xe /usr/lib/gcc/avr/5.4.0/../../../avr/lib/avr51/libm.a(fp_pscB.o)
                0x000000000000618c                __fp_pscB
 .text.avr-libc.fplib
                0x000000000000619a       0x22 /usr/lib/gcc/avr/5.4.0/../../../avr/lib/avr51/libm.a(fp_round.o)
                0x000000000000619a                __fp_round
 .text.avr-libc.fplib
                0x00000000000061bc       0x44 /usr/lib/gcc/avr/5.4.0/../../../avr/lib/avr51/libm.a(fp_split3.o)
                0x00000000000061bc                __fp_split3
                0x00000000000061cc                __fp_splitA
 .text.avr-libc.fplib
                0x0000000000006200        0xe /usr/lib/gcc/avr/5.4.0/../../../avr/lib/avr51/libm.a(fp_zero.o)
                0x0000000000006200                __fp_zero
                0x0000000000006202                __fp_szero
 .text.avr-libc.fplib
                0x000000000000620e        0x8 /usr/lib/gcc/avr/5.4.0/../../../avr/lib/avr51/libm.a(mulsf3.o)
                0x000000000000620e                __mulsf3
 .text.avr-libc.fplib
                0x0000000000006216       0xd2 /usr/lib/gcc/avr/5.4.0/../../../avr/lib/avr51/libm.a(mulsf3x.o)
                0x0000000000006234                __mulsf3x
                0x000000000000623a                __mulsf3_pse
 .text.avr-libc.fplib
                0x00000000000062e8       0x48 /usr/lib/gcc/avr/5.4.0/../../../avr/lib/avr51/libm.a(round.o)
                0x00000000000062e8                round
 .text.avr-libc.fplib
                0x0000000000006330       0x36 /usr/lib/gcc/avr/5.4.0/../../../avr/lib/avr51/libm.a(fp_mintl.o)
                0x0000000000006330                __fp_mintl
 .text.avr-libc.fplib
                0x0000000000006366       0x1c /usr/lib/gcc/avr/5.4.0/../../../avr/lib/avr51/libm.a(fp_mpack.o)
                0x0000000000006366                __fp_mpack
                0x000000000000636a                __fp_mpack_finite
 .text.libgcc.div
                0x0000000000006382       0x28 /usr/lib/gcc/avr/5.4.0/avr51/libgcc.a(_divmodhi4.o)
                0x0000000000006382                __divmodhi4
                0x0000000000006382                _div
 .text.libgcc.div
                0x00000000000063aa       0x44 /usr/lib/gcc/avr/5.4.0/avr51/libgcc.a(_udivmodsi4.o)
                0x00000000000063aa                __udivmodsi4
 .text.libgcc   0x00000000000063ee       0x12 /usr/lib/gcc/avr/5.4.0/avr51/libgcc.a(_tablejump2.o)
                0x00000000000063ee                __tablejump2__
 .text.libgcc.div
                0x0000000000006400       0x28 /usr/lib/gcc/avr/5.4.0/avr51/libgcc.a(_udivmodhi4.o)
                0x0000000000006400                __udivmodhi4
 .text.avr-libc
                0x0000000000006428        0x8 /usr/lib/gcc/avr/5.4.0/../../../avr/lib/avr51/libc.a(atof.o)
                0x0000000000006428                atof
 .text.avr-libc
                0x0000000000006430       0x3c /usr/lib/gcc/avr/5.4.0/../../../avr/lib/avr51/libc.a(atoi.o)
                0x0000000000006430                atoi
 .text.avr-libc
                0x000000000000646c       0x12 /usr/lib/gcc/avr/5.4.0/../../../avr/lib/avr51/libc.a(memcpy_P.o)
                0x000000000000646c                memcpy_P
 .text.avr-libc
                0x000000000000647e        0xe /usr/lib/gcc/avr/5.4.0/../../../avr/lib/avr51/libc.a(strcpy.o)
                0x000000000000647e                strcpy
 .text.avr-libc
                0x000000000000648c       0x10 /usr/lib/gcc/avr/5.4.0/../../../avr/lib/avr51/libc.a(mul10.o)
                0x000000000000648c                __mulhi_const_10
 .text.avr-libc
                0x000000000000649c       0x50 /usr/lib/gcc/avr/5.4.0/../../../avr/lib/avr51/libc.a(printf_p.o)
                0x000000000000649c                printf_P
 .text.avr-libc
                0x00000000000064ec       0x44 /usr/lib/gcc/avr/5.4.0/../../../avr/lib/avr51/libc.a(sscanf_p.o)
                0x00000000000064ec                sscanf_P
 .text.avr-libc
                0x0000000000006530      0x414 /usr/lib/gcc/avr/5.4.0/../../../avr/lib/avr51/libc.a(vfprintf_std.o)
                0x0000000000006530                vfprintf
 .text.avr-libc
                0x0000000000006944      0x5c8 /usr/lib/gcc/avr/5.4.0/../../../avr/lib/avr51/libc.a(vfscanf_std.o)
                0x0000000000006cc2                vfscanf
 .text.avr-libc
                0x0000000000006f0c      0x2b8 /usr/lib/gcc/avr/5.4.0/../../../avr/lib/avr51/libc.a(strtod.o)
                0x0000000000006f0c                strtod
 .text.avr-libc
                0x00000000000071c4       0x12 /usr/lib/gcc/avr/5.4.0/../../../avr/lib/avr51/libc.a(isspace.o)
                0x00000000000071c4                isspace
 .text.avr-libc
                0x00000000000071d6       0x16 /usr/lib/gcc/avr/5.4.0/../../../avr/lib/avr51/libc.a(strchr_P.o)
                0x00000000000071d6                strchr_P
 .text.avr-libc
                0x00000000000071ec       0x30 /usr/lib/gcc/avr/5.4.0/../../../avr/lib/avr51/libc.a(strncasecmp_P.o)
                0x00000000000071ec                strncasecmp_P
 .text.avr-libc
                0x000000000000721c       0x16 /usr/lib/gcc/avr/5.4.0/../../../avr/lib/avr51/libc.a(strnlen_P.o)
                0x000000000000721c                strnlen_P
 .text.avr-libc
                0x0000000000007232       0x16 /usr/lib/gcc/avr/5.4.0/../../../avr/lib/avr51/libc.a(strnlen.o)
                0x0000000000007232                strnlen
 .text.avr-libc
                0x0000000000007248       0x7c /usr/lib/gcc/avr/5.4.0/../../../avr/lib/avr51/libc.a(fgetc.o)
                0x0000000000007248                fgetc
 .text.avr-libc
                0x00000000000072c4       0x78 /usr/lib/gcc/avr/5.4.0/../../../avr/lib/avr51/libc.a(fputc.o)
                0x00000000000072c4                fputc
 .text.avr-libc
                0x000000000000733c       0x32 /usr/lib/gcc/avr/5.4.0/../../../avr/lib/avr51/libc.a(ungetc.o)
                0x000000000000733c                ungetc
 .text.avr-libc
                0x000000000000736e       0xbc /usr/lib/gcc/avr/5.4.0/../../../avr/lib/avr51/libc.a(ultoa_invert.o)
                0x000000000000736e                __ultoa_invert
 .text.avr-libc
                0x000000000000742a        0x6 /usr/lib/gcc/avr/5.4.0/../../../avr/lib/avr51/libc.a(cty_isfalse.o)
                0x000000000000742a                __ctype_isfalse
                0x000000000000742e                __ctype_istrue
 .text.libgcc.mul
                0x0000000000007430       0x16 /usr/lib/gcc/avr/5.4.0/avr51/libgcc.a(_muluhisi3.o)
                0x0000000000007430                __muluhisi3
 .text.libgcc.mul
                0x0000000000007446       0x1e /usr/lib/gcc/avr/5.4.0/avr51/libgcc.a(_umulhisi3.o)
                0x0000000000007446                __umulhisi3
                0x0000000000007464                . = ALIGN (0x2)
 *(.fini9)
 .fini9         0x0000000000007464        0x0 /usr/lib/gcc/avr/5.4.0/avr51/libgcc.a(_exit.o)
                0x0000000000007464                exit
                0x0000000000007464                _exit
 *(.fini9)
 *(.fini8)
 *(.fini8)
 *(.fini7)
 *(.fini7)
 *(.fini6)
 *(.fini6)
 *(.fini5)
 *(.fini5)
 *(.fini4)
 *(.fini4)
 *(.fini3)
 *(.fini3)
 *(.fini2)
 *(.fini2)
 *(.fini1)
 *(.fini1)
 *(.fini0)
 .fini0         0x0000000000007464        0x4 /usr/lib/gcc/avr/5.4.0/avr51/libgcc.a(_exit.o)
 *(.fini0)
                0x0000000000007468                _etext = .

.data           0x0000000000800200      0x11c load address 0x0000000000007468
                0x0000000000800200                PROVIDE (__data_start, .)
 *(.data)
 .data          0x0000000000800200        0x2 g_code.o
 .data          0x0000000000800202        0x2 keypad.o
                0x0000000000800202                Lang
 .data          0x0000000000800204        0x2 timer.o
 .data          0x0000000000800206        0x6 stepper.o
 .data          0x000000000080020c        0x3 flash.o
 .data          0x000000000080020f        0x1 hpgl.o
 .data          0x0000000000800210        0x1 serial.o
                0x0000000000800210                flow_ctrl
 .data          0x0000000000800211       0x30 ./m2u8/libm2u8.a(u8g_dev_ssd1325_nhd27oled_gr_new.o)
                0x0000000000800211                u8g_dev_ssd1325_nhd27oled_2x_gr_hw_spi
                0x0000000000800217                u8g_dev_ssd1325_nhd27oled_2x_gr_sw_spi
                0x000000000080021d                u8g_dev_ssd1325_nhd27oled_2x_pb
                0x0000000000800225                u8g_dev_ssd1325_nhd27oled_gr_hw_spi
                0x000000000080022b                u8g_dev_ssd1325_nhd27oled_gr_hw_spi_pb
                0x0000000000800233                u8g_dev_ssd1325_nhd27oled_gr_sw_spi
                0x0000000000800239                u8g_dev_ssd1325_nhd27oled_gr_sw_spi_pb
 .data          0x0000000000800241        0x6 ./m2u8/libm2u8.a(u8g_rot.o)
                0x0000000000800241                u8g_dev_rot
 *(.data*)
 *(.gnu.linkonce.d*)
 *(.rodata)
 .rodata        0x0000000000800247       0x10 stepper.o
 .rodata        0x0000000000800257       0x14 ./m2u8/libm2u8.a(u8g_com_api_16gr.o)
 *(.rodata*)
 .rodata.str1.1
                0x000000000080026b       0x17 main.o
 .rodata.str1.1
                0x0000000000800282       0x8e keypad.o
 .rodata.str1.1
                0x0000000000800310        0xb flash.o
 *(.gnu.linkonce.r*)
                0x000000000080031c                . = ALIGN (0x2)
 *fill*         0x000000000080031b        0x1 
                0x000000000080031c                _edata = .
                0x000000000080031c                PROVIDE (__data_end, .)

.bss            0x000000000080031c      0x4f1
                0x000000000080031c                PROVIDE (__bss_start, .)
 *(.bss)
 .bss           0x000000000080031c        0x2 display_oled.o
 .bss           0x000000000080031e        0x8 g_code.o
                0x000000000080031e                dy
                0x0000000000800320                dx
 .bss           0x0000000000800326       0x34 keypad.o
 .bss           0x000000000080035a        0x4 timer.o
 .bss           0x000000000080035e       0x17 stepper.o
 .bss           0x0000000000800375        0x5 flash.o
 .bss           0x000000000080037a        0x8 dial.o
 .bss           0x0000000000800382        0x7 hpgl.o
 .bss           0x0000000000800389        0x8 scale.o
 .bss           0x0000000000800391        0x4 serial.o
                0x0000000000800391                serial_tx_buffer_tail
                0x0000000000800392                serial_tx_buffer_head
                0x0000000000800393                serial_rx_buffer_tail
                0x0000000000800394                serial_rx_buffer_head
 .bss           0x0000000000800395      0x200 ./m2u8/libm2u8.a(u8g_dev_ssd1325_nhd27oled_gr_new.o)
                0x0000000000800395                u8g_dev_ssd1325_nhd27oled_2x_buf
                0x0000000000800495                u8g_dev_ssd1325_nhd27oled_gr_hw_spi_buf
                0x0000000000800515                u8g_dev_ssd1325_nhd27oled_gr_sw_spi_buf
 .bss           0x0000000000800595        0x2 ./m2u8/libm2u8.a(u8g_state.o)
 .bss           0x0000000000800597        0x4 ./m2u8/libm2u8.a(u8g_com_api_16gr.o)
 *(.bss*)
 *(COMMON)
 COMMON         0x000000000080059b       0x87 display_oled.o
                0x000000000080059b                u8g
                0x00000000008005d2                display_message
 COMMON         0x0000000000800622        0x2 timer.o
                0x0000000000800622                flag_Hz
                0x0000000000800623                flag_25Hz
 COMMON         0x0000000000800624       0xa0 stepper.o
                0x0000000000800624                cmd_queue
 COMMON         0x00000000008006c4        0x3 hpgl.o
                0x00000000008006c4                pstate
                0x00000000008006c5                etxchar
                0x00000000008006c6                nstate
 COMMON         0x00000000008006c7       0x7d shvars.o
                0x00000000008006c7                borderflags
                0x00000000008006c8                sc_pad
                0x00000000008006d8                scratchpad
                0x0000000000800718                numpad
                0x0000000000800728                ip_pad
                0x0000000000800738                stepper_loc
                0x000000000080073c                user_loc
 COMMON         0x0000000000800744       0xc0 serial.o
                0x0000000000800744                serial_tx_buffer
                0x0000000000800784                serial_rx_buffer
 COMMON         0x0000000000800804        0x1 ./m2u8/libm2u8.a(u8g_state.o)
                0x0000000000800804                global_SREG_backup
 COMMON         0x0000000000800805        0x6 /usr/lib/gcc/avr/5.4.0/../../../avr/lib/avr51/libc.a(iob.o)
                0x0000000000800805                __iob
 COMMON         0x000000000080080b        0x2 /usr/lib/gcc/avr/5.4.0/../../../avr/lib/avr51/libc.a(errno.o)
                0x000000000080080b                errno
                0x000000000080080d                PROVIDE (__bss_end, .)
                0x0000000000007468                __data_load_start = LOADADDR (.data)
                0x0000000000007584                __data_load_end = (__data_load_start + SIZEOF (.data))

.noinit         0x000000000080080d        0x0
                [!provide]                        PROVIDE (__noinit_start, .)
 *(.noinit*)
                [!provide]                        PROVIDE (__noinit_end, .)
                0x000000000080080d                _end = .
                [!provide]                        PROVIDE (__heap_start, .)

.eeprom         0x0000000000810000        0x0
 *(.eeprom*)
                0x0000000000810000                __eeprom_end = .

.fuse
 *(.fuse)
 *(.lfuse)
 *(.hfuse)
 *(.efuse)

.lock
 *(.lock*)

.signature
 *(.signature*)

.user_signatures
 *(.user_signatures*)

.stab
 *(.stab)

.stabstr
 *(.stabstr)

.stab.excl
 *(.stab.excl)

.stab.exclstr
 *(.stab.exclstr)

.stab.index
 *(.stab.index)

.stab.indexstr
 *(.stab.indexstr)

.comment        0x0000000000000000       0x11
 *(.comment)
 .comment       0x0000000000000000       0x11 main.o
                                         0x12 (size before relaxing)
 .comment       0x0000000000000011       0x12 usb.o
 .comment       0x0000000000000011       0x12 display.o
 .comment       0x0000000000000011       0x12 display_oled.o
 .comment       0x0000000000000011       0x12 g_code.o
 .comment       0x0000000000000011       0x12 keypad.o
 .comment       0x0000000000000011       0x12 timer.o
 .comment       0x0000000000000011       0x12 stepper.o
 .comment       0x0000000000000011       0x12 cli.o
 .comment       0x0000000000000011       0x12 flash.o
 .comment       0x0000000000000011       0x12 dial.o
 .comment       0x0000000000000011       0x12 hpgl.o
 .comment       0x0000000000000011       0x12 shvars.o
 .comment       0x0000000000000011       0x12 scale.o
 .comment       0x0000000000000011       0x12 serial.o
 .comment       0x0000000000000011       0x12 ./m2u8/libm2u8.a(u8g_com_io.o)
 .comment       0x0000000000000011       0x12 ./m2u8/libm2u8.a(u8g_dev_ssd1325_nhd27oled_gr_new.o)
 .comment       0x0000000000000011       0x12 ./m2u8/libm2u8.a(u8g_font.o)
 .comment       0x0000000000000011       0x12 ./m2u8/libm2u8.a(u8g_font_data.o)
 .comment       0x0000000000000011       0x12 ./m2u8/libm2u8.a(u8g_ll_api.o)
 .comment       0x0000000000000011       0x12 ./m2u8/libm2u8.a(u8g_pb16h2.o)
 .comment       0x0000000000000011       0x12 ./m2u8/libm2u8.a(u8g_pb8h2.o)
 .comment       0x0000000000000011       0x12 ./m2u8/libm2u8.a(u8g_rect.o)
 .comment       0x0000000000000011       0x12 ./m2u8/libm2u8.a(u8g_rot.o)
 .comment       0x0000000000000011       0x12 ./m2u8/libm2u8.a(u8g_state.o)
 .comment       0x0000000000000011       0x12 ./m2u8/libm2u8.a(u8g_com_atmega_hw_spi.o)
 .comment       0x0000000000000011       0x12 ./m2u8/libm2u8.a(u8g_com_atmega_sw_spi.o)
 .comment       0x0000000000000011       0x12 ./m2u8/libm2u8.a(u8g_circle.o)
 .comment       0x0000000000000011       0x12 ./m2u8/libm2u8.a(u8g_clip.o)
 .comment       0x0000000000000011       0x12 ./m2u8/libm2u8.a(u8g_com_api.o)
 .comment       0x0000000000000011       0x12 ./m2u8/libm2u8.a(u8g_com_api_16gr.o)
 .comment       0x0000000000000011       0x12 ./m2u8/libm2u8.a(u8g_delay.o)
 .comment       0x0000000000000011       0x12 ./m2u8/libm2u8.a(u8g_page.o)
 .comment       0x0000000000000011       0x12 ./m2u8/libm2u8.a(u8g_pb.o)
 .comment       0x0000000000000011       0x12 /usr/lib/gcc/avr/5.4.0/../../../avr/lib/avr51/libc.a(printf_p.o)
 .comment       0x0000000000000011       0x12 /usr/lib/gcc/avr/5.4.0/../../../avr/lib/avr51/libc.a(sscanf_p.o)
 .comment       0x0000000000000011       0x12 /usr/lib/gcc/avr/5.4.0/../../../avr/lib/avr51/libc.a(vfprintf_std.o)
 .comment       0x0000000000000011       0x12 /usr/lib/gcc/avr/5.4.0/../../../avr/lib/avr51/libc.a(vfscanf_std.o)
 .comment       0x0000000000000011       0x12 /usr/lib/gcc/avr/5.4.0/../../../avr/lib/avr51/libc.a(strtod.o)
 .comment       0x0000000000000011       0x12 /usr/lib/gcc/avr/5.4.0/../../../avr/lib/avr51/libc.a(fgetc.o)
 .comment       0x0000000000000011       0x12 /usr/lib/gcc/avr/5.4.0/../../../avr/lib/avr51/libc.a(fputc.o)
 .comment       0x0000000000000011       0x12 /usr/lib/gcc/avr/5.4.0/../../../avr/lib/avr51/libc.a(iob.o)
 .comment       0x0000000000000011       0x12 /usr/lib/gcc/avr/5.4.0/../../../avr/lib/avr51/libc.a(ungetc.o)
 .comment       0x0000000000000011       0x12 /usr/lib/gcc/avr/5.4.0/../../../avr/lib/avr51/libc.a(errno.o)

.note.gnu.avr.deviceinfo
                0x0000000000000000       0x40
 .note.gnu.avr.deviceinfo
                0x0000000000000000       0x40 /usr/lib/gcc/avr/5.4.0/../../../avr/lib/avr51/crtatmega1281.o

.note.gnu.build-id
 *(.note.gnu.build-id)

.debug
 *(.debug)

.line
 *(.line)

.debug_srcinfo
 *(.debug_srcinfo)

.debug_sfnames
 *(.debug_sfnames)

.debug_aranges
 *(.debug_aranges)

.debug_pubnames
 *(.debug_pubnames)

.debug_info     0x0000000000000000      0xa07
 *(.debug_info .gnu.linkonce.wi.*)
 .debug_info    0x0000000000000000      0xa07 /usr/lib/gcc/avr/5.4.0/../../../avr/lib/avr51/crtatmega1281.o

.debug_abbrev   0x0000000000000000      0x97c
 *(.debug_abbrev)
 .debug_abbrev  0x0000000000000000      0x97c /usr/lib/gcc/avr/5.4.0/../../../avr/lib/avr51/crtatmega1281.o

.debug_line     0x0000000000000000       0x1a
 *(.debug_line .debug_line.* .debug_line_end)
 .debug_line    0x0000000000000000       0x1a /usr/lib/gcc/avr/5.4.0/../../../avr/lib/avr51/crtatmega1281.o

.debug_frame
 *(.debug_frame)

.debug_str      0x0000000000000000      0x361
 *(.debug_str)
 .debug_str     0x0000000000000000      0x361 /usr/lib/gcc/avr/5.4.0/../../../avr/lib/avr51/crtatmega1281.o

.debug_loc
 *(.debug_loc)

.debug_macinfo
 *(.debug_macinfo)

.debug_weaknames
 *(.debug_weaknames)

.debug_funcnames
 *(.debug_funcnames)

.debug_typenames
 *(.debug_typenames)

.debug_varnames
 *(.debug_varnames)

.debug_pubtypes
 *(.debug_pubtypes)

.debug_ranges
 *(.debug_ranges)

.debug_macro
 *(.debug_macro)
OUTPUT(freecut.elf elf32-avr)
LOAD linker stubs

Cross Reference Table

Symbol                                            File
DF_pagebits                                       flash.o
DF_pagesize                                       flash.o
KEYS                                              dial.o
                                                  cli.o
                                                  stepper.o
                                                  keypad.o
                                                  main.o
Lang                                              keypad.o
                                                  cli.o
__DATA_REGION_LENGTH__                            /usr/lib/gcc/avr/5.4.0/../../../avr/lib/avr51/crtatmega1281.o
__DATA_REGION_ORIGIN__                            /usr/lib/gcc/avr/5.4.0/../../../avr/lib/avr51/crtatmega1281.o
__EEPROM_REGION_LENGTH__                          /usr/lib/gcc/avr/5.4.0/../../../avr/lib/avr51/crtatmega1281.o
__FUSE_REGION_LENGTH__                            /usr/lib/gcc/avr/5.4.0/../../../avr/lib/avr51/crtatmega1281.o
__TEXT_REGION_LENGTH__                            /usr/lib/gcc/avr/5.4.0/../../../avr/lib/avr51/crtatmega1281.o
__bad_interrupt                                   /usr/lib/gcc/avr/5.4.0/../../../avr/lib/avr51/crtatmega1281.o
__bss_end                                         /usr/lib/gcc/avr/5.4.0/avr51/libgcc.a(_clear_bss.o)
__bss_start                                       /usr/lib/gcc/avr/5.4.0/avr51/libgcc.a(_clear_bss.o)
__cmpsf2                                          /usr/lib/gcc/avr/5.4.0/../../../avr/lib/avr51/libm.a(cmpsf2.o)
__ctype_isfalse                                   /usr/lib/gcc/avr/5.4.0/../../../avr/lib/avr51/libc.a(cty_isfalse.o)
                                                  /usr/lib/gcc/avr/5.4.0/../../../avr/lib/avr51/libc.a(isspace.o)
__ctype_istrue                                    /usr/lib/gcc/avr/5.4.0/../../../avr/lib/avr51/libc.a(cty_isfalse.o)
__data_end                                        /usr/lib/gcc/avr/5.4.0/avr51/libgcc.a(_copy_data.o)
__data_load_start                                 /usr/lib/gcc/avr/5.4.0/avr51/libgcc.a(_copy_data.o)
__data_start                                      /usr/lib/gcc/avr/5.4.0/avr51/libgcc.a(_copy_data.o)
__divmodhi4                                       /usr/lib/gcc/avr/5.4.0/avr51/libgcc.a(_divmodhi4.o)
                                                  dial.o
__divsf3                                          /usr/lib/gcc/avr/5.4.0/../../../avr/lib/avr51/libm.a(divsf3.o)
                                                  scale.o
                                                  g_code.o
__divsf3_pse                                      /usr/lib/gcc/avr/5.4.0/../../../avr/lib/avr51/libm.a(divsf3x.o)
__divsf3x                                         /usr/lib/gcc/avr/5.4.0/../../../avr/lib/avr51/libm.a(divsf3x.o)
                                                  /usr/lib/gcc/avr/5.4.0/../../../avr/lib/avr51/libm.a(divsf3.o)
__do_clear_bss                                    /usr/lib/gcc/avr/5.4.0/avr51/libgcc.a(_clear_bss.o)
                                                  /usr/lib/gcc/avr/5.4.0/../../../avr/lib/avr51/libc.a(errno.o)
                                                  /usr/lib/gcc/avr/5.4.0/../../../avr/lib/avr51/libc.a(iob.o)
                                                  ./m2u8/libm2u8.a(u8g_com_api_16gr.o)
                                                  ./m2u8/libm2u8.a(u8g_state.o)
                                                  ./m2u8/libm2u8.a(u8g_dev_ssd1325_nhd27oled_gr_new.o)
                                                  serial.o
                                                  scale.o
                                                  shvars.o
                                                  hpgl.o
                                                  dial.o
                                                  flash.o
                                                  cli.o
                                                  stepper.o
                                                  timer.o
                                                  keypad.o
                                                  g_code.o
                                                  display_oled.o
                                                  main.o
__do_copy_data                                    /usr/lib/gcc/avr/5.4.0/avr51/libgcc.a(_copy_data.o)
                                                  ./m2u8/libm2u8.a(u8g_com_api_16gr.o)
                                                  ./m2u8/libm2u8.a(u8g_rot.o)
                                                  ./m2u8/libm2u8.a(u8g_dev_ssd1325_nhd27oled_gr_new.o)
                                                  serial.o
                                                  hpgl.o
                                                  flash.o
                                                  stepper.o
                                                  timer.o
                                                  keypad.o
                                                  g_code.o
                                                  main.o
__eqsf2                                           /usr/lib/gcc/avr/5.4.0/../../../avr/lib/avr51/libm.a(cmpsf2.o)
                                                  /usr/lib/gcc/avr/5.4.0/../../../avr/lib/avr51/libc.a(strtod.o)
__fixsfsi                                         /usr/lib/gcc/avr/5.4.0/../../../avr/lib/avr51/libm.a(fixsfsi.o)
                                                  scale.o
                                                  hpgl.o
                                                  g_code.o
__fixunssfsi                                      /usr/lib/gcc/avr/5.4.0/../../../avr/lib/avr51/libm.a(fixunssfsi.o)
                                                  /usr/lib/gcc/avr/5.4.0/../../../avr/lib/avr51/libm.a(fixsfsi.o)
__floatsisf                                       /usr/lib/gcc/avr/5.4.0/../../../avr/lib/avr51/libm.a(floatsisf.o)
                                                  scale.o
                                                  hpgl.o
__floatunsisf                                     /usr/lib/gcc/avr/5.4.0/../../../avr/lib/avr51/libm.a(floatsisf.o)
                                                  /usr/lib/gcc/avr/5.4.0/../../../avr/lib/avr51/libc.a(strtod.o)
__fp_cmp                                          /usr/lib/gcc/avr/5.4.0/../../../avr/lib/avr51/libm.a(fp_cmp.o)
                                                  /usr/lib/gcc/avr/5.4.0/../../../avr/lib/avr51/libm.a(cmpsf2.o)
__fp_inf                                          /usr/lib/gcc/avr/5.4.0/../../../avr/lib/avr51/libm.a(fp_inf.o)
                                                  /usr/lib/gcc/avr/5.4.0/../../../avr/lib/avr51/libm.a(mulsf3x.o)
                                                  /usr/lib/gcc/avr/5.4.0/../../../avr/lib/avr51/libm.a(divsf3x.o)
__fp_mintl                                        /usr/lib/gcc/avr/5.4.0/../../../avr/lib/avr51/libm.a(fp_mintl.o)
                                                  /usr/lib/gcc/avr/5.4.0/../../../avr/lib/avr51/libm.a(round.o)
__fp_mpack                                        /usr/lib/gcc/avr/5.4.0/../../../avr/lib/avr51/libm.a(fp_mpack.o)
                                                  /usr/lib/gcc/avr/5.4.0/../../../avr/lib/avr51/libm.a(round.o)
__fp_mpack_finite                                 /usr/lib/gcc/avr/5.4.0/../../../avr/lib/avr51/libm.a(fp_mpack.o)
__fp_nan                                          /usr/lib/gcc/avr/5.4.0/../../../avr/lib/avr51/libm.a(fp_nan.o)
                                                  /usr/lib/gcc/avr/5.4.0/../../../avr/lib/avr51/libm.a(mulsf3x.o)
                                                  /usr/lib/gcc/avr/5.4.0/../../../avr/lib/avr51/libm.a(divsf3x.o)
__fp_pscA                                         /usr/lib/gcc/avr/5.4.0/../../../avr/lib/avr51/libm.a(fp_pscA.o)
                                                  /usr/lib/gcc/avr/5.4.0/../../../avr/lib/avr51/libm.a(mulsf3x.o)
                                                  /usr/lib/gcc/avr/5.4.0/../../../avr/lib/avr51/libm.a(divsf3x.o)
__fp_pscB                                         /usr/lib/gcc/avr/5.4.0/../../../avr/lib/avr51/libm.a(fp_pscB.o)
                                                  /usr/lib/gcc/avr/5.4.0/../../../avr/lib/avr51/libm.a(mulsf3x.o)
                                                  /usr/lib/gcc/avr/5.4.0/../../../avr/lib/avr51/libm.a(divsf3x.o)
__fp_round                                        /usr/lib/gcc/avr/5.4.0/../../../avr/lib/avr51/libm.a(fp_round.o)
                                                  /usr/lib/gcc/avr/5.4.0/../../../avr/lib/avr51/libm.a(mulsf3.o)
                                                  /usr/lib/gcc/avr/5.4.0/../../../avr/lib/avr51/libm.a(divsf3.o)
__fp_split3                                       /usr/lib/gcc/avr/5.4.0/../../../avr/lib/avr51/libm.a(fp_split3.o)
                                                  /usr/lib/gcc/avr/5.4.0/../../../avr/lib/avr51/libm.a(mulsf3x.o)
                                                  /usr/lib/gcc/avr/5.4.0/../../../avr/lib/avr51/libm.a(divsf3x.o)
__fp_splitA                                       /usr/lib/gcc/avr/5.4.0/../../../avr/lib/avr51/libm.a(fp_split3.o)
                                                  /usr/lib/gcc/avr/5.4.0/../../../avr/lib/avr51/libm.a(round.o)
                                                  /usr/lib/gcc/avr/5.4.0/../../../avr/lib/avr51/libm.a(fixunssfsi.o)
__fp_szero                                        /usr/lib/gcc/avr/5.4.0/../../../avr/lib/avr51/libm.a(fp_zero.o)
                                                  /usr/lib/gcc/avr/5.4.0/../../../avr/lib/avr51/libm.a(round.o)
                                                  /usr/lib/gcc/avr/5.4.0/../../../avr/lib/avr51/libm.a(mulsf3x.o)
                                                  /usr/lib/gcc/avr/5.4.0/../../../avr/lib/avr51/libm.a(fixsfsi.o)
                                                  /usr/lib/gcc/avr/5.4.0/../../../avr/lib/avr51/libm.a(divsf3x.o)
__fp_zero                                         /usr/lib/gcc/avr/5.4.0/../../../avr/lib/avr51/libm.a(fp_zero.o)
                                                  /usr/lib/gcc/avr/5.4.0/../../../avr/lib/avr51/libm.a(fixunssfsi.o)
__heap_end                                        /usr/lib/gcc/avr/5.4.0/../../../avr/lib/avr51/crtatmega1281.o
__init                                            /usr/lib/gcc/avr/5.4.0/../../../avr/lib/avr51/crtatmega1281.o
__iob                                             /usr/lib/gcc/avr/5.4.0/../../../avr/lib/avr51/libc.a(iob.o)
                                                  /usr/lib/gcc/avr/5.4.0/../../../avr/lib/avr51/libc.a(printf_p.o)
__lesf2                                           /usr/lib/gcc/avr/5.4.0/../../../avr/lib/avr51/libm.a(cmpsf2.o)
__ltsf2                                           /usr/lib/gcc/avr/5.4.0/../../../avr/lib/avr51/libm.a(cmpsf2.o)
                                                  g_code.o
__mulhi_const_10                                  /usr/lib/gcc/avr/5.4.0/../../../avr/lib/avr51/libc.a(mul10.o)
                                                  /usr/lib/gcc/avr/5.4.0/../../../avr/lib/avr51/libc.a(atoi.o)
__mulsf3                                          /usr/lib/gcc/avr/5.4.0/../../../avr/lib/avr51/libm.a(mulsf3.o)
                                                  /usr/lib/gcc/avr/5.4.0/../../../avr/lib/avr51/libc.a(strtod.o)
                                                  scale.o
                                                  g_code.o
__mulsf3_pse                                      /usr/lib/gcc/avr/5.4.0/../../../avr/lib/avr51/libm.a(mulsf3x.o)
__mulsf3x                                         /usr/lib/gcc/avr/5.4.0/../../../avr/lib/avr51/libm.a(mulsf3x.o)
                                                  /usr/lib/gcc/avr/5.4.0/../../../avr/lib/avr51/libm.a(mulsf3.o)
__muluhisi3                                       /usr/lib/gcc/avr/5.4.0/avr51/libgcc.a(_muluhisi3.o)
                                                  /usr/lib/gcc/avr/5.4.0/../../../avr/lib/avr51/libc.a(strtod.o)
__nesf2                                           /usr/lib/gcc/avr/5.4.0/../../../avr/lib/avr51/libm.a(cmpsf2.o)
                                                  /usr/lib/gcc/avr/5.4.0/../../../avr/lib/avr51/libc.a(strtod.o)
__stack                                           /usr/lib/gcc/avr/5.4.0/../../../avr/lib/avr51/crtatmega1281.o
__tablejump2__                                    /usr/lib/gcc/avr/5.4.0/avr51/libgcc.a(_tablejump2.o)
                                                  ./m2u8/libm2u8.a(u8g_com_atmega_sw_spi.o)
                                                  ./m2u8/libm2u8.a(u8g_com_atmega_hw_spi.o)
                                                  hpgl.o
                                                  g_code.o
__udivmodhi4                                      /usr/lib/gcc/avr/5.4.0/avr51/libgcc.a(_udivmodhi4.o)
                                                  /usr/lib/gcc/avr/5.4.0/avr51/libgcc.a(_divmodhi4.o)
__udivmodsi4                                      /usr/lib/gcc/avr/5.4.0/avr51/libgcc.a(_udivmodsi4.o)
                                                  timer.o
__ultoa_invert                                    /usr/lib/gcc/avr/5.4.0/../../../avr/lib/avr51/libc.a(ultoa_invert.o)
                                                  /usr/lib/gcc/avr/5.4.0/../../../avr/lib/avr51/libc.a(vfprintf_std.o)
__umulhisi3                                       /usr/lib/gcc/avr/5.4.0/avr51/libgcc.a(_umulhisi3.o)
                                                  /usr/lib/gcc/avr/5.4.0/avr51/libgcc.a(_muluhisi3.o)
__vector_1                                        /usr/lib/gcc/avr/5.4.0/../../../avr/lib/avr51/crtatmega1281.o
__vector_10                                       /usr/lib/gcc/avr/5.4.0/../../../avr/lib/avr51/crtatmega1281.o
__vector_11                                       /usr/lib/gcc/avr/5.4.0/../../../avr/lib/avr51/crtatmega1281.o
__vector_12                                       /usr/lib/gcc/avr/5.4.0/../../../avr/lib/avr51/crtatmega1281.o
__vector_13                                       timer.o
                                                  /usr/lib/gcc/avr/5.4.0/../../../avr/lib/avr51/crtatmega1281.o
__vector_14                                       /usr/lib/gcc/avr/5.4.0/../../../avr/lib/avr51/crtatmega1281.o
__vector_15                                       /usr/lib/gcc/avr/5.4.0/../../../avr/lib/avr51/crtatmega1281.o
__vector_16                                       /usr/lib/gcc/avr/5.4.0/../../../avr/lib/avr51/crtatmega1281.o
__vector_17                                       /usr/lib/gcc/avr/5.4.0/../../../avr/lib/avr51/crtatmega1281.o
__vector_18                                       /usr/lib/gcc/avr/5.4.0/../../../avr/lib/avr51/crtatmega1281.o
__vector_19                                       /usr/lib/gcc/avr/5.4.0/../../../avr/lib/avr51/crtatmega1281.o
__vector_2                                        /usr/lib/gcc/avr/5.4.0/../../../avr/lib/avr51/crtatmega1281.o
__vector_20                                       /usr/lib/gcc/avr/5.4.0/../../../avr/lib/avr51/crtatmega1281.o
__vector_21                                       timer.o
                                                  /usr/lib/gcc/avr/5.4.0/../../../avr/lib/avr51/crtatmega1281.o
__vector_22                                       /usr/lib/gcc/avr/5.4.0/../../../avr/lib/avr51/crtatmega1281.o
__vector_23                                       /usr/lib/gcc/avr/5.4.0/../../../avr/lib/avr51/crtatmega1281.o
__vector_24                                       /usr/lib/gcc/avr/5.4.0/../../../avr/lib/avr51/crtatmega1281.o
__vector_25                                       /usr/lib/gcc/avr/5.4.0/../../../avr/lib/avr51/crtatmega1281.o
__vector_26                                       /usr/lib/gcc/avr/5.4.0/../../../avr/lib/avr51/crtatmega1281.o
__vector_27                                       /usr/lib/gcc/avr/5.4.0/../../../avr/lib/avr51/crtatmega1281.o
__vector_28                                       /usr/lib/gcc/avr/5.4.0/../../../avr/lib/avr51/crtatmega1281.o
__vector_29                                       /usr/lib/gcc/avr/5.4.0/../../../avr/lib/avr51/crtatmega1281.o
__vector_3                                        /usr/lib/gcc/avr/5.4.0/../../../avr/lib/avr51/crtatmega1281.o
__vector_30                                       /usr/lib/gcc/avr/5.4.0/../../../avr/lib/avr51/crtatmega1281.o
__vector_31                                       /usr/lib/gcc/avr/5.4.0/../../../avr/lib/avr51/crtatmega1281.o
__vector_32                                       /usr/lib/gcc/avr/5.4.0/../../../avr/lib/avr51/crtatmega1281.o
__vector_33                                       /usr/lib/gcc/avr/5.4.0/../../../avr/lib/avr51/crtatmega1281.o
__vector_34                                       /usr/lib/gcc/avr/5.4.0/../../../avr/lib/avr51/crtatmega1281.o
__vector_35                                       /usr/lib/gcc/avr/5.4.0/../../../avr/lib/avr51/crtatmega1281.o
__vector_36                                       serial.o
                                                  /usr/lib/gcc/avr/5.4.0/../../../avr/lib/avr51/crtatmega1281.o
__vector_37                                       serial.o
                                                  /usr/lib/gcc/avr/5.4.0/../../../avr/lib/avr51/crtatmega1281.o
__vector_38                                       /usr/lib/gcc/avr/5.4.0/../../../avr/lib/avr51/crtatmega1281.o
__vector_39                                       /usr/lib/gcc/avr/5.4.0/../../../avr/lib/avr51/crtatmega1281.o
__vector_4                                        /usr/lib/gcc/avr/5.4.0/../../../avr/lib/avr51/crtatmega1281.o
__vector_40                                       /usr/lib/gcc/avr/5.4.0/../../../avr/lib/avr51/crtatmega1281.o
__vector_41                                       /usr/lib/gcc/avr/5.4.0/../../../avr/lib/avr51/crtatmega1281.o
__vector_42                                       /usr/lib/gcc/avr/5.4.0/../../../avr/lib/avr51/crtatmega1281.o
__vector_43                                       /usr/lib/gcc/avr/5.4.0/../../../avr/lib/avr51/crtatmega1281.o
__vector_44                                       /usr/lib/gcc/avr/5.4.0/../../../avr/lib/avr51/crtatmega1281.o
__vector_45                                       /usr/lib/gcc/avr/5.4.0/../../../avr/lib/avr51/crtatmega1281.o
__vector_46                                       /usr/lib/gcc/avr/5.4.0/../../../avr/lib/avr51/crtatmega1281.o
__vector_47                                       /usr/lib/gcc/avr/5.4.0/../../../avr/lib/avr51/crtatmega1281.o
__vector_48                                       /usr/lib/gcc/avr/5.4.0/../../../avr/lib/avr51/crtatmega1281.o
__vector_49                                       /usr/lib/gcc/avr/5.4.0/../../../avr/lib/avr51/crtatmega1281.o
__vector_5                                        /usr/lib/gcc/avr/5.4.0/../../../avr/lib/avr51/crtatmega1281.o
__vector_50                                       /usr/lib/gcc/avr/5.4.0/../../../avr/lib/avr51/crtatmega1281.o
__vector_6                                        /usr/lib/gcc/avr/5.4.0/../../../avr/lib/avr51/crtatmega1281.o
__vector_7                                        /usr/lib/gcc/avr/5.4.0/../../../avr/lib/avr51/crtatmega1281.o
__vector_8                                        /usr/lib/gcc/avr/5.4.0/../../../avr/lib/avr51/crtatmega1281.o
__vector_9                                        /usr/lib/gcc/avr/5.4.0/../../../avr/lib/avr51/crtatmega1281.o
__vector_default                                  /usr/lib/gcc/avr/5.4.0/../../../avr/lib/avr51/crtatmega1281.o
__vectors                                         /usr/lib/gcc/avr/5.4.0/../../../avr/lib/avr51/crtatmega1281.o
_beep                                             keypad.o
_div                                              /usr/lib/gcc/avr/5.4.0/avr51/libgcc.a(_divmodhi4.o)
_exit                                             /usr/lib/gcc/avr/5.4.0/avr51/libgcc.a(_exit.o)
_oled_display_pressure                            display_oled.o
_oled_display_speed                               display_oled.o
atof                                              /usr/lib/gcc/avr/5.4.0/../../../avr/lib/avr51/libc.a(atof.o)
                                                  g_code.o
atoi                                              /usr/lib/gcc/avr/5.4.0/../../../avr/lib/avr51/libc.a(atoi.o)
                                                  g_code.o
beep                                              timer.o
beeper_off                                        timer.o
                                                  keypad.o
beeper_on                                         timer.o
                                                  keypad.o
borderflags                                       shvars.o
cli_poll                                          cli.o
                                                  main.o
cmd_queue                                         stepper.o
dial_init                                         dial.o
                                                  main.o
dial_poll                                         dial.o
                                                  main.o
display_init                                      display.o
                                                  main.o
display_message                                   display_oled.o
display_print                                     display.o
display_println                                   display.o
display_puts                                      display.o
                                                  flash.o
                                                  keypad.o
display_update                                    display.o
                                                  main.o
do_next_command                                   stepper.o
dx                                                g_code.o
dy                                                g_code.o
errno                                             /usr/lib/gcc/avr/5.4.0/../../../avr/lib/avr51/libc.a(errno.o)
                                                  /usr/lib/gcc/avr/5.4.0/../../../avr/lib/avr51/libc.a(strtod.o)
etxchar                                           hpgl.o
exit                                              /usr/lib/gcc/avr/5.4.0/avr51/libgcc.a(_exit.o)
                                                  /usr/lib/gcc/avr/5.4.0/../../../avr/lib/avr51/crtatmega1281.o
fgetc                                             /usr/lib/gcc/avr/5.4.0/../../../avr/lib/avr51/libc.a(fgetc.o)
                                                  /usr/lib/gcc/avr/5.4.0/../../../avr/lib/avr51/libc.a(vfscanf_std.o)
flag_25Hz                                         timer.o
                                                  main.o
flag_Hz                                           timer.o
                                                  main.o
flash_flush                                       flash.o
flash_init                                        flash.o
                                                  main.o
flash_read_next_byte                              flash.o
flash_start_read                                  flash.o
flash_start_write                                 flash.o
flash_test                                        flash.o
flash_write_next_byte                             flash.o
flow_ctrl                                         serial.o
fputc                                             /usr/lib/gcc/avr/5.4.0/../../../avr/lib/avr51/libc.a(fputc.o)
                                                  /usr/lib/gcc/avr/5.4.0/../../../avr/lib/avr51/libc.a(vfprintf_std.o)
gcode_char                                        g_code.o
                                                  cli.o
gcode_init                                        g_code.o
global_SREG_backup                                ./m2u8/libm2u8.a(u8g_state.o)
                                                  ./m2u8/libm2u8.a(u8g_com_atmega_hw_spi.o)
hpgl_char                                         hpgl.o
                                                  cli.o
hpgl_init                                         hpgl.o
                                                  main.o
ip_pad                                            shvars.o
                                                  scale.o
                                                  hpgl.o
isspace                                           /usr/lib/gcc/avr/5.4.0/../../../avr/lib/avr51/libc.a(isspace.o)
                                                  /usr/lib/gcc/avr/5.4.0/../../../avr/lib/avr51/libc.a(strtod.o)
                                                  /usr/lib/gcc/avr/5.4.0/../../../avr/lib/avr51/libc.a(vfscanf_std.o)
keypadSet_Pressure_state                          keypad.o
                                                  dial.o
keypadSet_Speed_state                             keypad.o
                                                  dial.o
keypad_init                                       keypad.o
                                                  main.o
keypad_poll                                       keypad.o
                                                  main.o
keypad_scan                                       keypad.o
keypad_set_leds                                   keypad.o
keypad_stop_pressed                               keypad.o
                                                  stepper.o
main                                              main.o
                                                  /usr/lib/gcc/avr/5.4.0/../../../avr/lib/avr51/crtatmega1281.o
memcpy_P                                          /usr/lib/gcc/avr/5.4.0/../../../avr/lib/avr51/libc.a(memcpy_P.o)
                                                  ./m2u8/libm2u8.a(u8g_com_io.o)
msleep                                            timer.o
                                                  keypad.o
                                                  main.o
nstate                                            hpgl.o
numpad                                            shvars.o
                                                  hpgl.o
oled_display_firstpage                            display_oled.o
oled_display_init                                 display_oled.o
                                                  display.o
oled_display_nextpage                             display_oled.o
oled_display_println                              display_oled.o
                                                  display.o
oled_display_puts                                 display_oled.o
                                                  display.o
oled_display_update                               display_oled.o
                                                  display.o
pen_down                                          stepper.o
                                                  keypad.o
pen_up                                            stepper.o
                                                  keypad.o
printf_P                                          /usr/lib/gcc/avr/5.4.0/../../../avr/lib/avr51/libc.a(printf_p.o)
                                                  scale.o
pstate                                            hpgl.o
round                                             /usr/lib/gcc/avr/5.4.0/../../../avr/lib/avr51/libm.a(round.o)
                                                  scale.o
                                                  hpgl.o
sc_pad                                            shvars.o
                                                  scale.o
                                                  hpgl.o
scale_P1P2                                        scale.o
scratchpad                                        shvars.o
                                                  hpgl.o
                                                  g_code.o
serial_get_rx_buffer_count                        serial.o
                                                  usb.o
serial_get_tx_buffer_count                        serial.o
serial_init                                       serial.o
                                                  usb.o
serial_read                                       serial.o
                                                  usb.o
serial_reset_read_buffer                          serial.o
serial_rx_buffer                                  serial.o
serial_rx_buffer_head                             serial.o
serial_rx_buffer_tail                             serial.o
serial_tx_buffer                                  serial.o
serial_tx_buffer_head                             serial.o
serial_tx_buffer_tail                             serial.o
serial_write                                      serial.o
                                                  usb.o
setup                                             main.o
spiInit                                           spi.o
spiSendByte                                       spi.o
spiTransferByte                                   spi.o
spiTransferWord                                   spi.o
sscanf_P                                          /usr/lib/gcc/avr/5.4.0/../../../avr/lib/avr51/libc.a(sscanf_p.o)
                                                  hpgl.o
stepper_draw                                      stepper.o
                                                  cli.o
stepper_home                                      stepper.o
                                                  keypad.o
stepper_init                                      stepper.o
                                                  main.o
stepper_jog_manual                                stepper.o
                                                  keypad.o
stepper_load_paper                                stepper.o
                                                  keypad.o
stepper_loc                                       shvars.o
stepper_move                                      stepper.o
                                                  cli.o
stepper_off                                       stepper.o
stepper_pressure                                  stepper.o
stepper_set_origin00                              stepper.o
                                                  keypad.o
stepper_speed                                     stepper.o
stepper_tick                                      stepper.o
                                                  timer.o
stepper_unload_paper                              stepper.o
                                                  keypad.o
strchr_P                                          /usr/lib/gcc/avr/5.4.0/../../../avr/lib/avr51/libc.a(strchr_P.o)
                                                  /usr/lib/gcc/avr/5.4.0/../../../avr/lib/avr51/libc.a(vfscanf_std.o)
strcpy                                            /usr/lib/gcc/avr/5.4.0/../../../avr/lib/avr51/libc.a(strcpy.o)
                                                  display_oled.o
strncasecmp_P                                     /usr/lib/gcc/avr/5.4.0/../../../avr/lib/avr51/libc.a(strncasecmp_P.o)
                                                  /usr/lib/gcc/avr/5.4.0/../../../avr/lib/avr51/libc.a(strtod.o)
strnlen                                           /usr/lib/gcc/avr/5.4.0/../../../avr/lib/avr51/libc.a(strnlen.o)
                                                  /usr/lib/gcc/avr/5.4.0/../../../avr/lib/avr51/libc.a(vfprintf_std.o)
strnlen_P                                         /usr/lib/gcc/avr/5.4.0/../../../avr/lib/avr51/libc.a(strnlen_P.o)
                                                  /usr/lib/gcc/avr/5.4.0/../../../avr/lib/avr51/libc.a(vfprintf_std.o)
strtod                                            /usr/lib/gcc/avr/5.4.0/../../../avr/lib/avr51/libc.a(strtod.o)
                                                  /usr/lib/gcc/avr/5.4.0/../../../avr/lib/avr51/libc.a(atof.o)
timer_get_pen_pressure                            timer.o
                                                  keypad.o
                                                  display_oled.o
timer_get_stepper_speed                           timer.o
                                                  keypad.o
                                                  display_oled.o
timer_init                                        timer.o
                                                  main.o
timer_set_pen_pressure                            timer.o
                                                  dial.o
                                                  stepper.o
                                                  keypad.o
timer_set_stepper_speed                           timer.o
                                                  dial.o
                                                  stepper.o
                                                  keypad.o
translate_init                                    scale.o
                                                  hpgl.o
translate_scale                                   scale.o
                                                  hpgl.o
u8g                                               display_oled.o
u8g_10MicroDelay                                  ./m2u8/libm2u8.a(u8g_delay.o)
u8g_Begin                                         ./m2u8/libm2u8.a(u8g_ll_api.o)
u8g_Delay                                         ./m2u8/libm2u8.a(u8g_delay.o)
                                                  ./m2u8/libm2u8.a(u8g_com_api.o)
u8g_Draw4TPixel                                   ./m2u8/libm2u8.a(u8g_ll_api.o)
                                                  ./m2u8/libm2u8.a(u8g_font.o)
u8g_Draw4TPixelLL                                 ./m2u8/libm2u8.a(u8g_ll_api.o)
u8g_Draw8Pixel                                    ./m2u8/libm2u8.a(u8g_ll_api.o)
                                                  ./m2u8/libm2u8.a(u8g_rect.o)
                                                  ./m2u8/libm2u8.a(u8g_font.o)
u8g_Draw8PixelLL                                  ./m2u8/libm2u8.a(u8g_ll_api.o)
u8g_DrawAAGlyph                                   ./m2u8/libm2u8.a(u8g_font.o)
u8g_DrawAAStr                                     ./m2u8/libm2u8.a(u8g_font.o)
u8g_DrawBox                                       ./m2u8/libm2u8.a(u8g_rect.o)
                                                  display_oled.o
u8g_DrawCircle                                    ./m2u8/libm2u8.a(u8g_circle.o)
u8g_DrawDisc                                      ./m2u8/libm2u8.a(u8g_circle.o)
u8g_DrawFrame                                     ./m2u8/libm2u8.a(u8g_rect.o)
u8g_DrawGlyph                                     ./m2u8/libm2u8.a(u8g_font.o)
u8g_DrawGlyph180                                  ./m2u8/libm2u8.a(u8g_font.o)
u8g_DrawGlyph270                                  ./m2u8/libm2u8.a(u8g_font.o)
u8g_DrawGlyph90                                   ./m2u8/libm2u8.a(u8g_font.o)
u8g_DrawGlyphFontBBX                              ./m2u8/libm2u8.a(u8g_font.o)
u8g_DrawHLine                                     ./m2u8/libm2u8.a(u8g_rect.o)
u8g_DrawPixel                                     ./m2u8/libm2u8.a(u8g_ll_api.o)
                                                  ./m2u8/libm2u8.a(u8g_circle.o)
u8g_DrawPixelLL                                   ./m2u8/libm2u8.a(u8g_ll_api.o)
u8g_DrawRBox                                      ./m2u8/libm2u8.a(u8g_rect.o)
u8g_DrawRFrame                                    ./m2u8/libm2u8.a(u8g_rect.o)
u8g_DrawStr                                       ./m2u8/libm2u8.a(u8g_font.o)
                                                  display_oled.o
u8g_DrawStr180                                    ./m2u8/libm2u8.a(u8g_font.o)
u8g_DrawStr180P                                   ./m2u8/libm2u8.a(u8g_font.o)
u8g_DrawStr270                                    ./m2u8/libm2u8.a(u8g_font.o)
u8g_DrawStr270P                                   ./m2u8/libm2u8.a(u8g_font.o)
u8g_DrawStr90                                     ./m2u8/libm2u8.a(u8g_font.o)
u8g_DrawStr90P                                    ./m2u8/libm2u8.a(u8g_font.o)
u8g_DrawStrDir                                    ./m2u8/libm2u8.a(u8g_font.o)
u8g_DrawStrFontBBX                                ./m2u8/libm2u8.a(u8g_font.o)
u8g_DrawStrP                                      ./m2u8/libm2u8.a(u8g_font.o)
u8g_DrawVLine                                     ./m2u8/libm2u8.a(u8g_rect.o)
                                                  ./m2u8/libm2u8.a(u8g_circle.o)
u8g_FirstPage                                     ./m2u8/libm2u8.a(u8g_ll_api.o)
                                                  display_oled.o
u8g_FirstPageLL                                   ./m2u8/libm2u8.a(u8g_ll_api.o)
u8g_GetColorIndex                                 ./m2u8/libm2u8.a(u8g_ll_api.o)
u8g_GetDefaultBackgroundColor                     ./m2u8/libm2u8.a(u8g_ll_api.o)
u8g_GetDefaultForegroundColor                     ./m2u8/libm2u8.a(u8g_ll_api.o)
u8g_GetDefaultMidColor                            ./m2u8/libm2u8.a(u8g_ll_api.o)
u8g_GetFontBBXHeight                              ./m2u8/libm2u8.a(u8g_font.o)
u8g_GetFontBBXOffX                                ./m2u8/libm2u8.a(u8g_font.o)
u8g_GetFontBBXOffY                                ./m2u8/libm2u8.a(u8g_font.o)
u8g_GetFontBBXWidth                               ./m2u8/libm2u8.a(u8g_font.o)
u8g_GetFontCapitalAHeight                         ./m2u8/libm2u8.a(u8g_font.o)
u8g_GetGlyph                                      ./m2u8/libm2u8.a(u8g_font.o)
u8g_GetGlyphDeltaX                                ./m2u8/libm2u8.a(u8g_font.o)
u8g_GetHeightLL                                   ./m2u8/libm2u8.a(u8g_ll_api.o)
                                                  ./m2u8/libm2u8.a(u8g_rot.o)
u8g_GetModeLL                                     ./m2u8/libm2u8.a(u8g_ll_api.o)
u8g_GetPinLevel                                   ./m2u8/libm2u8.a(u8g_com_io.o)
u8g_GetStrAMinBox                                 ./m2u8/libm2u8.a(u8g_font.o)
u8g_GetStrMinBox                                  ./m2u8/libm2u8.a(u8g_font.o)
u8g_GetStrPixelWidth                              ./m2u8/libm2u8.a(u8g_font.o)
u8g_GetStrPixelWidthP                             ./m2u8/libm2u8.a(u8g_font.o)
u8g_GetStrWidth                                   ./m2u8/libm2u8.a(u8g_font.o)
u8g_GetStrWidthP                                  ./m2u8/libm2u8.a(u8g_font.o)
u8g_GetStrX                                       ./m2u8/libm2u8.a(u8g_font.o)
u8g_GetStrXP                                      ./m2u8/libm2u8.a(u8g_font.o)
u8g_GetWidthLL                                    ./m2u8/libm2u8.a(u8g_ll_api.o)
                                                  ./m2u8/libm2u8.a(u8g_rot.o)
u8g_Init                                          ./m2u8/libm2u8.a(u8g_ll_api.o)
u8g_Init8Bit                                      ./m2u8/libm2u8.a(u8g_ll_api.o)
u8g_Init8BitFixedPort                             ./m2u8/libm2u8.a(u8g_ll_api.o)
u8g_InitCom                                       ./m2u8/libm2u8.a(u8g_com_api.o)
                                                  ./m2u8/libm2u8.a(u8g_dev_ssd1325_nhd27oled_gr_new.o)
u8g_InitComFn                                     ./m2u8/libm2u8.a(u8g_ll_api.o)
u8g_InitHWSPI                                     ./m2u8/libm2u8.a(u8g_ll_api.o)
u8g_InitI2C                                       ./m2u8/libm2u8.a(u8g_ll_api.o)
u8g_InitLL                                        ./m2u8/libm2u8.a(u8g_ll_api.o)
u8g_InitRW8Bit                                    ./m2u8/libm2u8.a(u8g_ll_api.o)
u8g_InitSPI                                       ./m2u8/libm2u8.a(u8g_ll_api.o)
                                                  display_oled.o
u8g_IsBBXIntersection                             ./m2u8/libm2u8.a(u8g_clip.o)
                                                  ./m2u8/libm2u8.a(u8g_circle.o)
                                                  ./m2u8/libm2u8.a(u8g_rect.o)
                                                  ./m2u8/libm2u8.a(u8g_font.o)
u8g_IsGlyph                                       ./m2u8/libm2u8.a(u8g_font.o)
u8g_MicroDelay                                    ./m2u8/libm2u8.a(u8g_delay.o)
                                                  ./m2u8/libm2u8.a(u8g_com_atmega_sw_spi.o)
u8g_NextPage                                      ./m2u8/libm2u8.a(u8g_ll_api.o)
                                                  display_oled.o
u8g_NextPageLL                                    ./m2u8/libm2u8.a(u8g_ll_api.o)
u8g_Pin                                           ./m2u8/libm2u8.a(u8g_com_io.o)
                                                  display_oled.o
u8g_SetAddress                                    ./m2u8/libm2u8.a(u8g_com_api.o)
                                                  ./m2u8/libm2u8.a(u8g_dev_ssd1325_nhd27oled_gr_new.o)
u8g_SetChipSelect                                 ./m2u8/libm2u8.a(u8g_com_api.o)
                                                  ./m2u8/libm2u8.a(u8g_dev_ssd1325_nhd27oled_gr_new.o)
u8g_SetColorEntry                                 ./m2u8/libm2u8.a(u8g_ll_api.o)
u8g_SetColorIndex                                 ./m2u8/libm2u8.a(u8g_ll_api.o)
                                                  display_oled.o
u8g_SetContrast                                   ./m2u8/libm2u8.a(u8g_ll_api.o)
u8g_SetContrastLL                                 ./m2u8/libm2u8.a(u8g_ll_api.o)
u8g_SetDefaultBackgroundColor                     ./m2u8/libm2u8.a(u8g_ll_api.o)
u8g_SetDefaultForegroundColor                     ./m2u8/libm2u8.a(u8g_ll_api.o)
                                                  display_oled.o
u8g_SetDefaultMidColor                            ./m2u8/libm2u8.a(u8g_ll_api.o)
u8g_SetFont                                       ./m2u8/libm2u8.a(u8g_font.o)
                                                  display_oled.o
u8g_SetFontLineSpacingFactor                      ./m2u8/libm2u8.a(u8g_font.o)
u8g_SetFontPosBaseline                            ./m2u8/libm2u8.a(u8g_font.o)
                                                  ./m2u8/libm2u8.a(u8g_ll_api.o)
u8g_SetFontPosBottom                              ./m2u8/libm2u8.a(u8g_font.o)
u8g_SetFontPosCenter                              ./m2u8/libm2u8.a(u8g_font.o)
u8g_SetFontPosTop                                 ./m2u8/libm2u8.a(u8g_font.o)
                                                  display_oled.o
u8g_SetFontRefHeightAll                           ./m2u8/libm2u8.a(u8g_font.o)
u8g_SetFontRefHeightExtendedText                  ./m2u8/libm2u8.a(u8g_font.o)
                                                  display_oled.o
u8g_SetFontRefHeightText                          ./m2u8/libm2u8.a(u8g_font.o)
u8g_SetHardwareBackup                             ./m2u8/libm2u8.a(u8g_state.o)
u8g_SetHiColor                                    ./m2u8/libm2u8.a(u8g_ll_api.o)
u8g_SetHiColorByRGB                               ./m2u8/libm2u8.a(u8g_ll_api.o)
u8g_SetPILevel                                    ./m2u8/libm2u8.a(u8g_com_io.o)
                                                  ./m2u8/libm2u8.a(u8g_com_atmega_sw_spi.o)
                                                  ./m2u8/libm2u8.a(u8g_com_atmega_hw_spi.o)
u8g_SetPIOutput                                   ./m2u8/libm2u8.a(u8g_com_io.o)